08/02/2020 01:40:57 AM: DEBUG: This is a debug message
08/02/2020 01:40:57 AM: INFO: This is an info message
08/02/2020 01:40:57 AM: WARNING: This is a warning  message
08/02/2020 01:40:57 AM: ERROR: This is an error message
08/02/2020 01:40:57 AM: CRITICAL: This is a critical message
